// Vitest Snapshot v1, https://vitest.dev/guide/snapshot.html

exports[`Icons > will check icon for no changes 1`] = `<span />`;
